2026-05-13 00:32:55,037 [INFO] app — Loading data...
2026-05-13 00:32:55,043 [ERROR] utilis.data_loader — File not found: c:\Users\ASUS\OneDrive\Desktop\Practice\ML projects\Weather Analytics Dashboard\data\weather.csv
2026-05-13 00:35:18,814 [INFO] app — Loading data...
2026-05-13 00:35:18,818 [ERROR] utilis.data_loader — File not found: C:\Users\ASUS\OneDrive\Desktop\Practice\ML projects\Weather Analytics Dashboard\data\weather.csv
2026-05-13 00:49:34,091 [INFO] app — Loading data...
2026-05-13 00:49:34,112 [INFO] utilis.data_loader — Loaded 3 rows from C:\Users\ASUS\OneDrive\Desktop\Practice\ML projects\Weather Analytics Dashboard\data\weather.csv
2026-05-13 00:49:34,140 [INFO] utilis.preprocessing — Removed 0 duplicate rows
2026-05-13 00:49:34,164 [INFO] utilis.preprocessing — Clean dataset: 3 rows
2026-05-13 00:49:34,205 [INFO] app — Dataset ready: 3 rows
2026-05-13 00:49:34,576 [INFO] app — Starting Weather Analytics Dashboard at http://0.0.0.0:8050
2026-05-13 00:49:34,579 [INFO] dash.dash — Dash is running on http://0.0.0.0:8050/

2026-05-13 00:49:41,308 [INFO] app — Loading data...
2026-05-13 00:49:41,313 [INFO] utilis.data_loader — Loaded 3 rows from C:\Users\ASUS\OneDrive\Desktop\Practice\ML projects\Weather Analytics Dashboard\data\weather.csv
2026-05-13 00:49:41,321 [INFO] utilis.preprocessing — Removed 0 duplicate rows
2026-05-13 00:49:41,357 [INFO] utilis.preprocessing — Clean dataset: 3 rows
2026-05-13 00:49:41,421 [INFO] app — Dataset ready: 3 rows
2026-05-13 00:49:41,598 [INFO] app — Starting Weather Analytics Dashboard at http://0.0.0.0:8050
2026-05-13 00:52:35,437 [INFO] app — Loading data...
2026-05-13 00:52:35,443 [INFO] utilis.data_loader — Loaded 3 rows from C:\Users\ASUS\OneDrive\Desktop\Practice\ML projects\Weather Analytics Dashboard\data\weather.csv
2026-05-13 00:52:35,453 [INFO] utilis.preprocessing — Removed 0 duplicate rows
2026-05-13 00:52:35,477 [INFO] utilis.preprocessing — Clean dataset: 3 rows
2026-05-13 00:52:35,507 [INFO] app — Dataset ready: 3 rows
2026-05-13 00:52:35,697 [INFO] app — Starting Weather Analytics Dashboard at http://0.0.0.0:8050
2026-05-13 00:52:35,700 [INFO] dash.dash — Dash is running on http://0.0.0.0:8050/

2026-05-13 00:52:41,118 [INFO] app — Loading data...
2026-05-13 00:52:41,123 [INFO] utilis.data_loader — Loaded 3 rows from C:\Users\ASUS\OneDrive\Desktop\Practice\ML projects\Weather Analytics Dashboard\data\weather.csv
2026-05-13 00:52:41,133 [INFO] utilis.preprocessing — Removed 0 duplicate rows
2026-05-13 00:52:41,149 [INFO] utilis.preprocessing — Clean dataset: 3 rows
2026-05-13 00:52:41,171 [INFO] app — Dataset ready: 3 rows
2026-05-13 00:52:41,315 [INFO] app — Starting Weather Analytics Dashboard at http://0.0.0.0:8050
2026-05-13 00:56:00,961 [INFO] app — Loading data...
2026-05-13 00:56:00,967 [INFO] utilis.data_loader — Loaded 3 rows from C:\Users\ASUS\OneDrive\Desktop\Practice\ML projects\Weather Analytics Dashboard\data\weather.csv
2026-05-13 00:56:00,978 [INFO] utilis.preprocessing — Removed 0 duplicate rows
2026-05-13 00:56:01,011 [INFO] utilis.preprocessing — Clean dataset: 3 rows
2026-05-13 00:56:01,052 [INFO] app — Dataset ready: 3 rows
2026-05-13 00:56:01,286 [INFO] app — Starting Weather Analytics Dashboard at http://0.0.0.0:8050
2026-05-13 00:58:08,442 [INFO] app — Loading data...
2026-05-13 00:58:08,446 [INFO] utilis.data_loader — Loaded 3 rows from c:\Users\ASUS\OneDrive\Desktop\Practice\ML projects\Weather Analytics Dashboard\data\weather.csv
2026-05-13 00:58:08,453 [INFO] utilis.preprocessing — Removed 0 duplicate rows
2026-05-13 00:58:08,469 [INFO] utilis.preprocessing — Clean dataset: 3 rows
2026-05-13 00:58:08,500 [INFO] app — Dataset ready: 3 rows
2026-05-13 00:58:08,684 [INFO] app — Starting Weather Analytics Dashboard at http://0.0.0.0:8050
2026-05-13 00:58:08,687 [INFO] dash.dash — Dash is running on http://0.0.0.0:8050/

2026-05-13 00:58:14,970 [INFO] app — Loading data...
2026-05-13 00:58:14,976 [INFO] utilis.data_loader — Loaded 3 rows from c:\Users\ASUS\OneDrive\Desktop\Practice\ML projects\Weather Analytics Dashboard\data\weather.csv
2026-05-13 00:58:14,984 [INFO] utilis.preprocessing — Removed 0 duplicate rows
2026-05-13 00:58:15,003 [INFO] utilis.preprocessing — Clean dataset: 3 rows
2026-05-13 00:58:15,036 [INFO] app — Dataset ready: 3 rows
2026-05-13 00:58:15,211 [INFO] app — Starting Weather Analytics Dashboard at http://0.0.0.0:8050
2026-05-13 00:59:10,350 [INFO] app — Loading data...
2026-05-13 00:59:10,356 [INFO] utilis.data_loader — Loaded 3 rows from C:\Users\ASUS\OneDrive\Desktop\Practice\ML projects\Weather Analytics Dashboard\data\weather.csv
2026-05-13 00:59:10,365 [INFO] utilis.preprocessing — Removed 0 duplicate rows
2026-05-13 00:59:10,396 [INFO] utilis.preprocessing — Clean dataset: 3 rows
2026-05-13 00:59:10,444 [INFO] app — Dataset ready: 3 rows
2026-05-13 00:59:10,611 [INFO] app — Starting Weather Analytics Dashboard at http://0.0.0.0:8050
2026-05-13 09:20:17,862 [INFO] app — Loading data...
2026-05-13 09:20:17,893 [INFO] utilis.data_loader — Loaded 7310 rows from C:\Users\ASUS\OneDrive\Desktop\Practice\ML projects\Weather Analytics Dashboard\data\weather.csv
2026-05-13 09:20:17,906 [INFO] utilis.preprocessing — Removed 0 duplicate rows
2026-05-13 09:20:17,949 [INFO] utilis.preprocessing — Clean dataset: 7310 rows
2026-05-13 09:20:18,037 [INFO] app — Dataset ready: 7310 rows
2026-05-13 09:20:18,227 [INFO] app — Starting Weather Analytics Dashboard at http://0.0.0.0:8050
2026-05-13 09:20:18,229 [INFO] dash.dash — Dash is running on http://0.0.0.0:8050/

2026-05-13 09:20:20,724 [INFO] app — Loading data...
2026-05-13 09:20:20,738 [INFO] utilis.data_loader — Loaded 7310 rows from C:\Users\ASUS\OneDrive\Desktop\Practice\ML projects\Weather Analytics Dashboard\data\weather.csv
2026-05-13 09:20:20,750 [INFO] utilis.preprocessing — Removed 0 duplicate rows
2026-05-13 09:20:20,790 [INFO] utilis.preprocessing — Clean dataset: 7310 rows
2026-05-13 09:20:20,871 [INFO] app — Dataset ready: 7310 rows
2026-05-13 09:20:20,910 [INFO] app — Starting Weather Analytics Dashboard at http://0.0.0.0:8050
2026-05-13 09:59:07,407 [INFO] app — Loading data...
2026-05-13 09:59:07,432 [INFO] utilis.data_loader — Loaded 7310 rows from c:\Users\ASUS\OneDrive\Desktop\Practice\ML projects\Weather Analytics Dashboard\data\weather.csv
2026-05-13 09:59:07,451 [INFO] utilis.preprocessing — Removed 0 duplicate rows
2026-05-13 09:59:07,491 [INFO] utilis.preprocessing — Clean dataset: 7310 rows
2026-05-13 09:59:07,578 [INFO] app — Dataset ready: 7310 rows
2026-05-13 09:59:07,622 [INFO] app — Starting Weather Analytics Dashboard at http://0.0.0.0:8050
2026-05-13 09:59:07,624 [INFO] dash.dash — Dash is running on http://0.0.0.0:8050/

2026-05-13 09:59:10,029 [INFO] app — Loading data...
2026-05-13 09:59:10,046 [INFO] utilis.data_loader — Loaded 7310 rows from c:\Users\ASUS\OneDrive\Desktop\Practice\ML projects\Weather Analytics Dashboard\data\weather.csv
2026-05-13 09:59:10,059 [INFO] utilis.preprocessing — Removed 0 duplicate rows
2026-05-13 09:59:10,122 [INFO] utilis.preprocessing — Clean dataset: 7310 rows
2026-05-13 09:59:10,207 [INFO] app — Dataset ready: 7310 rows
2026-05-13 09:59:10,245 [INFO] app — Starting Weather Analytics Dashboard at http://0.0.0.0:8050
2026-05-13 10:00:46,024 [INFO] app — Callback — filtered to 7310 rows
2026-05-13 10:02:10,447 [INFO] app — Callback — filtered to 6579 rows
2026-05-13 10:02:11,764 [INFO] app — Callback — filtered to 7310 rows
2026-05-13 10:02:12,555 [INFO] app — Callback — filtered to 6579 rows
2026-05-13 10:02:13,779 [INFO] app — Callback — filtered to 7310 rows
2026-05-13 10:02:26,798 [INFO] app — Callback — filtered to 1297 rows
2026-05-13 10:02:28,719 [INFO] app — Callback — filtered to 7310 rows
2026-05-13 10:02:35,709 [INFO] app — Callback — filtered to 1599 rows
2026-05-13 10:02:37,160 [INFO] app — Callback — filtered to 2100 rows
2026-05-13 10:02:38,187 [INFO] app — Callback — filtered to 2844 rows
2026-05-13 10:02:42,272 [INFO] app — Callback — filtered to 7310 rows
2026-05-13 10:21:51,956 [INFO] app — Callback — filtered to 7310 rows
2026-05-13 10:22:25,829 [INFO] app — Loading data...
2026-05-13 10:22:25,858 [INFO] utilis.data_loader — Loaded 7310 rows from c:\Users\ASUS\OneDrive\Desktop\Practice\ML projects\Weather Analytics Dashboard\data\weather.csv
2026-05-13 10:22:25,886 [INFO] utilis.preprocessing — Removed 0 duplicate rows
2026-05-13 10:22:25,981 [INFO] utilis.preprocessing — Clean dataset: 7310 rows
2026-05-13 10:22:26,185 [INFO] app — Dataset ready: 7310 rows
2026-05-13 10:22:26,307 [INFO] app — Starting Weather Analytics Dashboard at http://0.0.0.0:8050
2026-05-13 10:22:51,303 [INFO] app — Callback — filtered to 7310 rows
2026-05-13 10:23:23,649 [INFO] app — Loading data...
2026-05-13 10:23:23,675 [INFO] utilis.data_loader — Loaded 7310 rows from c:\Users\ASUS\OneDrive\Desktop\Practice\ML projects\Weather Analytics Dashboard\data\weather.csv
2026-05-13 10:23:23,697 [INFO] utilis.preprocessing — Removed 0 duplicate rows
2026-05-13 10:23:23,774 [INFO] utilis.preprocessing — Clean dataset: 7310 rows
2026-05-13 10:23:23,925 [INFO] app — Dataset ready: 7310 rows
2026-05-13 10:23:24,005 [INFO] app — Starting Weather Analytics Dashboard at http://0.0.0.0:8050
2026-05-13 10:23:51,940 [INFO] app — Loading data...
2026-05-13 10:23:51,966 [INFO] utilis.data_loader — Loaded 7310 rows from c:\Users\ASUS\OneDrive\Desktop\Practice\ML projects\Weather Analytics Dashboard\data\weather.csv
2026-05-13 10:23:51,983 [INFO] utilis.preprocessing — Removed 0 duplicate rows
2026-05-13 10:23:52,061 [INFO] utilis.preprocessing — Clean dataset: 7310 rows
2026-05-13 10:23:52,221 [INFO] app — Dataset ready: 7310 rows
2026-05-13 10:27:23,027 [INFO] app - Loading data...
2026-05-13 10:27:23,068 [INFO] utilis.data_loader - Loaded 24580 rows from C:\Users\ASUS\OneDrive\Desktop\Practice\ML projects\Weather Analytics Dashboard\data\weather.csv
2026-05-13 10:27:23,091 [INFO] utilis.preprocessing - Removed 0 duplicate rows
2026-05-13 10:27:23,213 [INFO] utilis.preprocessing - Clean dataset: 24580 rows
2026-05-13 10:27:23,722 [INFO] app - Dataset ready: 24,580 rows
2026-05-13 10:27:23,726 [INFO] app - Cities: 20 | Years: [2023, 2024, 2025, 2026] | Dates: 2023-01-01 to 2026-05-13
2026-05-13 10:27:23,785 [INFO] app - Starting Weather Analytics Dashboard at http://0.0.0.0:8050
2026-05-13 10:27:23,789 [INFO] dash.dash - Dash is running on http://0.0.0.0:8050/

2026-05-13 10:27:27,034 [INFO] app - Loading data...
2026-05-13 10:27:27,088 [INFO] utilis.data_loader - Loaded 24580 rows from C:\Users\ASUS\OneDrive\Desktop\Practice\ML projects\Weather Analytics Dashboard\data\weather.csv
2026-05-13 10:27:27,124 [INFO] utilis.preprocessing - Removed 0 duplicate rows
2026-05-13 10:27:27,273 [INFO] utilis.preprocessing - Clean dataset: 24580 rows
2026-05-13 10:27:27,771 [INFO] app - Dataset ready: 24,580 rows
2026-05-13 10:27:27,776 [INFO] app - Cities: 20 | Years: [2023, 2024, 2025, 2026] | Dates: 2023-01-01 to 2026-05-13
2026-05-13 10:27:27,840 [INFO] app - Starting Weather Analytics Dashboard at http://0.0.0.0:8050
2026-05-13 10:27:51,803 [INFO] app - Callback [dark] - filtered to 24,580 rows
2026-05-13 10:30:10,242 [INFO] app - Callback [light] - filtered to 24,580 rows
2026-05-13 10:30:11,093 [INFO] app - Callback [dark] - filtered to 24,580 rows
2026-05-13 10:30:11,909 [INFO] app - Callback [light] - filtered to 24,580 rows
2026-05-13 10:30:12,745 [INFO] app - Callback [dark] - filtered to 24,580 rows
2026-05-13 10:30:14,009 [INFO] app - Callback [light] - filtered to 24,580 rows
2026-05-13 10:38:01,698 [INFO] app - Loading data...
2026-05-13 10:38:01,735 [INFO] utilis.data_loader - Loaded 24580 rows from C:\Users\ASUS\OneDrive\Desktop\Practice\ML projects\Weather Analytics Dashboard\data\weather.csv
2026-05-13 10:38:01,755 [INFO] utilis.preprocessing - Removed 0 duplicate rows
2026-05-13 10:38:01,850 [INFO] utilis.preprocessing - Clean dataset: 24580 rows
2026-05-13 10:38:02,144 [INFO] app - Dataset ready: 24,580 rows
2026-05-13 10:38:02,147 [INFO] app - Cities: 20 | Years: [2023, 2024, 2025, 2026] | Dates: 2023-01-01 to 2026-05-13
2026-05-13 10:38:02,196 [INFO] app - Starting Weather Analytics Dashboard at http://0.0.0.0:8050
2026-05-13 10:38:02,199 [INFO] dash.dash - Dash is running on http://0.0.0.0:8050/

2026-05-13 10:38:04,984 [INFO] app - Loading data...
2026-05-13 10:38:05,026 [INFO] utilis.data_loader - Loaded 24580 rows from C:\Users\ASUS\OneDrive\Desktop\Practice\ML projects\Weather Analytics Dashboard\data\weather.csv
2026-05-13 10:38:05,055 [INFO] utilis.preprocessing - Removed 0 duplicate rows
2026-05-13 10:38:05,142 [INFO] utilis.preprocessing - Clean dataset: 24580 rows
2026-05-13 10:38:05,398 [INFO] app - Dataset ready: 24,580 rows
2026-05-13 10:38:05,401 [INFO] app - Cities: 20 | Years: [2023, 2024, 2025, 2026] | Dates: 2023-01-01 to 2026-05-13
2026-05-13 10:38:05,437 [INFO] app - Starting Weather Analytics Dashboard at http://0.0.0.0:8050
2026-05-13 10:38:06,181 [INFO] app - update_all [light] -> 24,580 rows
2026-05-13 10:38:45,179 [INFO] app - update_all [light] -> 24,580 rows
2026-05-13 10:38:51,834 [INFO] app - update_all [dark] -> 24,580 rows
2026-05-13 10:38:53,379 [INFO] app - update_all [light] -> 24,580 rows
2026-05-13 10:39:06,116 [INFO] app - update_all [light] -> 17,280 rows
2026-05-13 10:39:07,059 [INFO] app - update_all [light] -> 9,960 rows
2026-05-13 10:39:07,775 [INFO] app - update_all [light] -> 2,660 rows
2026-05-13 10:39:43,864 [INFO] app - update_all [light] -> 2,660 rows
2026-05-13 10:39:48,273 [INFO] app - update_all [light] -> 133 rows
2026-05-13 10:40:13,762 [INFO] app - update_all [light] -> 2,660 rows
2026-05-13 10:40:19,320 [INFO] app - update_all [light] -> 133 rows
2026-05-13 10:40:24,772 [INFO] app - update_all [light] -> 2,660 rows
2026-05-13 10:40:25,734 [INFO] app - update_all [light] -> 133 rows
2026-05-13 10:40:29,136 [INFO] app - update_all [light] -> 133 rows
2026-05-13 10:40:40,152 [INFO] app - update_all [light] -> 133 rows
2026-05-13 10:40:49,049 [INFO] app - update_all [light] -> 133 rows
2026-05-13 10:40:51,070 [INFO] app - update_all [light] -> 133 rows
2026-05-13 10:41:00,399 [INFO] app - update_all [light] -> 133 rows
2026-05-13 10:44:33,121 [INFO] app - Loading data...
2026-05-13 10:44:33,184 [INFO] utilis.data_loader - Loaded 24580 rows from C:\Users\ASUS\OneDrive\Desktop\Practice\ML projects\Weather Analytics Dashboard\data\weather.csv
2026-05-13 10:44:33,237 [INFO] utilis.preprocessing - Removed 0 duplicate rows
2026-05-13 10:44:33,414 [INFO] utilis.preprocessing - Clean dataset: 24580 rows
2026-05-13 10:44:33,922 [INFO] app - Dataset ready: 24,580 rows
2026-05-13 10:44:33,927 [INFO] app - Cities: 20 | Years: [2023, 2024, 2025, 2026] | Dates: 2023-01-01 to 2026-05-13
2026-05-13 10:44:33,996 [INFO] app - Starting WeatherIQ at http://0.0.0.0:8050
2026-05-13 10:44:34,993 [INFO] app - update_all [light] -> 24,580 rows
2026-05-13 10:48:31,468 [INFO] app - Loading data...
2026-05-13 10:48:31,498 [INFO] utilis.data_loader - Loaded 24580 rows from C:\Users\ASUS\OneDrive\Desktop\Practice\ML projects\Weather Analytics Dashboard\data\weather.csv
2026-05-13 10:48:31,518 [INFO] utilis.preprocessing - Removed 0 duplicate rows
2026-05-13 10:48:31,599 [INFO] utilis.preprocessing - Clean dataset: 24580 rows
2026-05-13 10:48:31,924 [INFO] app - Dataset ready: 24,580 rows
2026-05-13 10:48:31,927 [INFO] app - Cities: 20 | Years: [2023, 2024, 2025, 2026] | Dates: 2023-01-01 to 2026-05-13
2026-05-13 10:48:31,965 [INFO] app - Starting WeatherIQ at http://0.0.0.0:8050
2026-05-13 10:48:32,530 [INFO] app - update_all [light] -> 24,580 rows
2026-05-13 10:48:51,369 [INFO] app - Loading data...
2026-05-13 10:48:51,402 [INFO] utilis.data_loader - Loaded 24580 rows from C:\Users\ASUS\OneDrive\Desktop\Practice\ML projects\Weather Analytics Dashboard\data\weather.csv
2026-05-13 10:48:51,423 [INFO] utilis.preprocessing - Removed 0 duplicate rows
2026-05-13 10:48:51,509 [INFO] utilis.preprocessing - Clean dataset: 24580 rows
2026-05-13 10:48:51,937 [INFO] app - Dataset ready: 24,580 rows
2026-05-13 10:48:51,941 [INFO] app - Cities: 20 | Years: [2023, 2024, 2025, 2026] | Dates: 2023-01-01 to 2026-05-13
2026-05-13 10:48:52,000 [INFO] app - Starting WeatherIQ at http://0.0.0.0:8050
2026-05-13 10:48:52,819 [INFO] app - update_all [light] -> 24,580 rows
2026-05-13 10:49:01,155 [INFO] app - Loading data...
2026-05-13 10:49:01,196 [INFO] utilis.data_loader - Loaded 24580 rows from C:\Users\ASUS\OneDrive\Desktop\Practice\ML projects\Weather Analytics Dashboard\data\weather.csv
2026-05-13 10:49:01,221 [INFO] utilis.preprocessing - Removed 0 duplicate rows
2026-05-13 10:49:01,319 [INFO] utilis.preprocessing - Clean dataset: 24580 rows
2026-05-13 10:49:01,661 [INFO] app - Dataset ready: 24,580 rows
2026-05-13 10:49:01,664 [INFO] app - Cities: 20 | Years: [2023, 2024, 2025, 2026] | Dates: 2023-01-01 to 2026-05-13
2026-05-13 10:49:01,705 [INFO] app - Starting WeatherIQ at http://0.0.0.0:8050
2026-05-13 10:49:02,411 [INFO] app - update_all [light] -> 24,580 rows
2026-05-13 10:49:10,865 [INFO] app - Loading data...
2026-05-13 10:49:10,897 [INFO] utilis.data_loader - Loaded 24580 rows from C:\Users\ASUS\OneDrive\Desktop\Practice\ML projects\Weather Analytics Dashboard\data\weather.csv
2026-05-13 10:49:10,918 [INFO] utilis.preprocessing - Removed 0 duplicate rows
2026-05-13 10:49:11,013 [INFO] utilis.preprocessing - Clean dataset: 24580 rows
2026-05-13 10:49:11,465 [INFO] app - Dataset ready: 24,580 rows
2026-05-13 10:49:11,468 [INFO] app - Cities: 20 | Years: [2023, 2024, 2025, 2026] | Dates: 2023-01-01 to 2026-05-13
2026-05-13 10:49:11,506 [INFO] app - Starting WeatherIQ at http://0.0.0.0:8050
2026-05-13 10:49:12,084 [INFO] app - update_all [light] -> 24,580 rows
2026-05-13 10:49:41,511 [INFO] app - update_all [light] -> 24,580 rows
2026-05-13 10:49:46,194 [INFO] app - update_all [light] -> 4,449 rows
2026-05-13 10:55:15,095 [INFO] app - update_all [light] -> 24,580 rows
2026-05-13 10:55:16,114 [INFO] app - update_all [light] -> 24,580 rows
2026-05-13 10:55:21,340 [INFO] app - update_all [light] -> 1,229 rows
2026-05-13 10:59:50,722 [INFO] app - update_all [dark] -> 1,229 rows
2026-05-13 11:00:12,382 [INFO] app - update_all [light] -> 1,229 rows
2026-05-13 11:00:13,548 [INFO] app - update_all [dark] -> 1,229 rows
2026-05-13 11:10:44,515 [INFO] app - update_all [light] -> 1,229 rows
2026-05-13 11:10:52,011 [INFO] app - update_all [light] -> 24,580 rows
2026-05-13 11:11:08,894 [INFO] app - update_all [dark] -> 24,580 rows
2026-05-13 11:21:23,038 [INFO] app - Loading data...
2026-05-13 11:21:23,099 [INFO] utilis.data_loader - Loaded 24580 rows from C:\Users\ASUS\OneDrive\Desktop\Practice\ML projects\Weather Analytics Dashboard\data\weather.csv
2026-05-13 11:21:23,154 [INFO] utilis.preprocessing - Removed 0 duplicate rows
2026-05-13 11:21:23,289 [INFO] utilis.preprocessing - Clean dataset: 24580 rows
2026-05-13 11:21:23,703 [INFO] app - Dataset ready: 24,580 rows
2026-05-13 11:21:23,708 [INFO] app - Cities: 20 | Years: [2023, 2024, 2025, 2026] | Dates: 2023-01-01 to 2026-05-13
2026-05-13 11:21:23,789 [INFO] app - Starting WeatherIQ at http://0.0.0.0:8050
2026-05-13 11:21:24,848 [INFO] app - update_all [dark] -> 24,580 rows
2026-05-13 11:21:32,450 [INFO] app - update_all [light] -> 24,580 rows
2026-05-13 11:22:04,338 [INFO] app - update_all [light] -> 24,580 rows
2026-05-13 11:22:12,636 [INFO] app - update_all [light] -> 24,580 rows
2026-05-13 11:22:14,470 [INFO] app - update_all [light] -> 740 rows
2026-05-13 11:22:21,929 [INFO] app - update_all [light] -> 740 rows
2026-05-13 11:22:24,874 [INFO] app - update_all [light] -> 740 rows
2026-05-13 11:22:27,931 [INFO] app - update_all [light] -> 0 rows
2026-05-13 11:22:35,597 [INFO] app - update_all [light] -> 0 rows
2026-05-13 11:25:25,638 [INFO] app - update_all [light] -> 24,580 rows
2026-05-13 11:25:33,745 [INFO] app - Loading data...
2026-05-13 11:25:33,791 [INFO] utilis.data_loader - Loaded 24580 rows from C:\Users\ASUS\OneDrive\Desktop\Practice\ML projects\Weather Analytics Dashboard\data\weather.csv
2026-05-13 11:25:33,824 [INFO] utilis.preprocessing - Removed 0 duplicate rows
2026-05-13 11:25:33,922 [INFO] utilis.preprocessing - Clean dataset: 24580 rows
2026-05-13 11:25:34,275 [INFO] app - Dataset ready: 24,580 rows
2026-05-13 11:25:34,279 [INFO] app - Cities: 20 | Years: [2023, 2024, 2025, 2026] | Dates: 2023-01-01 to 2026-05-13
2026-05-13 11:25:34,338 [INFO] app - Starting WeatherIQ at http://0.0.0.0:8050
2026-05-13 11:25:34,911 [INFO] app - update_all [light] -> 24,580 rows
2026-05-13 11:25:37,848 [INFO] app - update_all [light] -> 24,580 rows
2026-05-13 11:25:41,041 [INFO] app - update_all [light] -> 7,300 rows
2026-05-13 11:27:22,282 [INFO] app - update_all [dark] -> 7,300 rows
2026-05-13 11:27:32,027 [INFO] app - update_all [dark] -> 7,300 rows
2026-05-13 11:27:35,100 [INFO] app - update_all [light] -> 7,300 rows
2026-05-13 11:28:31,659 [INFO] app - update_all [dark] -> 7,300 rows
2026-05-13 11:30:19,864 [INFO] app - update_all [light] -> 7,300 rows
2026-05-13 11:32:47,465 [INFO] app - update_all [light] -> 24,580 rows
2026-05-13 11:33:41,254 [INFO] app - update_all [light] -> 24,580 rows
2026-05-13 11:33:57,983 [INFO] app - update_all [light] -> 23,746 rows
2026-05-13 11:34:00,943 [INFO] app - update_all [light] -> 22,340 rows
2026-05-13 11:34:03,935 [INFO] app - update_all [light] -> 23,174 rows
2026-05-13 11:34:09,484 [INFO] app - update_all [light] -> 23,174 rows
2026-05-13 11:34:15,036 [INFO] app - update_all [light] -> 1,229 rows
2026-05-13 11:34:21,176 [INFO] app - update_all [light] -> 1,229 rows
2026-05-13 11:34:24,082 [INFO] app - update_all [light] -> 133 rows
2026-05-13 11:34:43,516 [INFO] app - update_all [light] -> 133 rows
2026-05-13 11:34:56,521 [INFO] app - update_all [dark] -> 133 rows
2026-05-13 11:36:05,421 [INFO] app - update_all [dark] -> 24,580 rows
2026-05-13 11:36:11,095 [INFO] app - update_all [light] -> 24,580 rows
2026-05-13 11:36:34,443 [INFO] app - update_all [light] -> 24,580 rows
2026-05-13 11:37:37,560 [INFO] app - update_all [light] -> 24,580 rows
2026-05-13 11:40:41,974 [INFO] app - update_all [light] -> 24,580 rows
2026-05-13 11:42:56,264 [INFO] app - update_all [light] -> 24,580 rows
2026-05-13 11:43:26,684 [INFO] app - update_all [light] -> 24,580 rows
2026-05-13 11:44:55,088 [INFO] app - update_all [light] -> 24,580 rows
2026-05-13 11:44:56,084 [INFO] app - update_all [light] -> 160 rows
2026-05-13 11:44:58,334 [INFO] app - update_all [light] -> 160 rows
2026-05-13 11:45:46,980 [INFO] app - update_all [light] -> 24,580 rows
2026-05-13 11:46:09,920 [INFO] app - update_all [light] -> 24,580 rows
2026-05-13 11:46:16,994 [INFO] app - update_all [light] -> 24,580 rows
2026-05-13 11:46:55,914 [INFO] app - update_all [light] -> 24,580 rows
2026-05-13 11:48:29,979 [INFO] app - update_all [light] -> 24,580 rows
2026-05-13 11:50:04,458 [INFO] app - update_all [light] -> 24,580 rows
2026-05-13 11:50:47,153 [INFO] app - update_all [light] -> 24,580 rows
2026-05-13 11:51:03,419 [INFO] app - update_all [light] -> 24,580 rows
2026-05-13 11:51:05,744 [INFO] app - update_all [light] -> 40 rows
2026-05-13 11:51:14,653 [INFO] app - update_all [light] -> 40 rows
2026-05-13 11:51:15,911 [INFO] app - update_all [light] -> 2 rows
2026-05-13 11:51:22,945 [INFO] app - update_all [light] -> 1 rows
2026-05-13 11:51:51,226 [INFO] app - update_all [light] -> 209 rows
2026-05-13 11:52:03,799 [INFO] app - update_all [light] -> 12 rows
2026-05-13 11:57:12,146 [INFO] app - update_all [dark] -> 12 rows
2026-05-13 11:59:32,096 [INFO] app - Loading data...
2026-05-13 11:59:32,128 [INFO] utilis.data_loader - Loaded 24580 rows from C:\Users\ASUS\OneDrive\Desktop\Practice\ML projects\Weather Analytics Dashboard\data\weather.csv
2026-05-13 11:59:32,150 [INFO] utilis.preprocessing - Removed 0 duplicate rows
2026-05-13 11:59:32,225 [INFO] utilis.preprocessing - Clean dataset: 24580 rows
2026-05-13 11:59:32,512 [INFO] app - Dataset ready: 24,580 rows
2026-05-13 11:59:32,516 [INFO] app - Cities: 20 | Years: [2023, 2024, 2025, 2026] | Dates: 2023-01-01 to 2026-05-13
2026-05-13 11:59:32,568 [INFO] app - Starting WeatherIQ at http://0.0.0.0:8050
2026-05-13 11:59:50,633 [INFO] app - update_all [dark] -> 24,580 rows
2026-05-13 11:59:58,830 [INFO] app - update_all [dark] -> 24,580 rows
2026-05-13 12:00:07,319 [INFO] app - update_all [dark] -> 24,580 rows
2026-05-13 12:00:11,883 [INFO] app - update_all [dark] -> 1,229 rows
2026-05-13 12:00:16,795 [INFO] app - update_all [dark] -> 864 rows
2026-05-13 12:00:17,411 [INFO] app - update_all [dark] -> 498 rows
2026-05-13 12:00:18,357 [INFO] app - update_all [dark] -> 133 rows
2026-05-13 12:02:03,948 [INFO] app - update_all [dark] -> 24,580 rows
2026-05-13 12:02:07,433 [INFO] app - update_all [dark] -> 24,580 rows
2026-05-13 12:02:12,511 [INFO] app - update_all [dark] -> 1,229 rows
2026-05-13 12:02:19,989 [INFO] app - update_all [dark] -> 24,580 rows
2026-05-13 12:02:23,547 [INFO] app - update_all [dark] -> 24,580 rows
2026-05-13 12:02:26,249 [INFO] app - update_all [dark] -> 24,580 rows
2026-05-13 12:03:44,658 [INFO] app - update_all [dark] -> 24,580 rows
2026-05-13 12:04:01,347 [INFO] app - update_all [dark] -> 24,580 rows
2026-05-13 12:05:31,796 [INFO] app - update_all [dark] -> 24,580 rows
2026-05-13 12:05:37,570 [INFO] app - update_all [dark] -> 24,580 rows
2026-05-13 12:06:58,778 [INFO] app - update_all [dark] -> 24,580 rows
2026-05-13 12:07:07,278 [INFO] app - update_all [dark] -> 24,580 rows
2026-05-13 12:07:08,221 [INFO] app - update_all [dark] -> 620 rows
2026-05-13 12:07:08,907 [INFO] app - update_all [dark] -> 461 rows
2026-05-13 12:07:11,464 [INFO] app - update_all [dark] -> 461 rows
2026-05-13 12:07:12,453 [INFO] app - update_all [dark] -> 461 rows
2026-05-13 12:07:51,220 [INFO] app - update_all [light] -> 461 rows
2026-05-13 12:07:52,432 [INFO] app - update_all [dark] -> 461 rows
2026-05-13 12:07:53,704 [INFO] app - update_all [light] -> 461 rows
2026-05-13 12:07:54,762 [INFO] app - update_all [dark] -> 461 rows
2026-05-13 12:10:28,645 [INFO] app - update_all [dark] -> 24,580 rows
2026-05-13 12:12:14,974 [INFO] app - update_all [dark] -> 24,580 rows
2026-05-13 12:12:19,577 [INFO] app - update_all [light] -> 24,580 rows
2026-05-13 12:12:26,880 [INFO] app - update_all [light] -> 24,580 rows
2026-05-13 12:12:31,460 [INFO] app - update_all [light] -> 1,229 rows
2026-05-13 12:12:35,418 [INFO] app - update_all [light] -> 240 rows
2026-05-13 12:12:38,185 [INFO] app - update_all [light] -> 240 rows
2026-05-13 12:12:41,101 [INFO] app - update_all [light] -> 61 rows
2026-05-13 12:12:54,437 [INFO] app - update_all [light] -> 61 rows
2026-05-13 12:13:04,500 [INFO] app - update_all [light] -> 4 rows
2026-05-13 12:13:26,161 [INFO] app - update_all [light] -> 11 rows
2026-05-13 12:13:28,326 [INFO] app - update_all [light] -> 7 rows
2026-05-13 12:14:01,148 [INFO] app - update_all [light] -> 24,580 rows
2026-05-13 12:15:01,987 [INFO] app - update_all [dark] -> 24,580 rows
2026-05-13 12:22:20,807 [INFO] app - update_all [dark] -> 24,580 rows
